Archive member included because of file (symbol)

c:/winavr-20090313/bin/../lib/gcc/avr/4.3.2/avr4\libgcc.a(_divmodhi4.o)
                              TinyHexapod.o (__divmodhi4)
c:/winavr-20090313/bin/../lib/gcc/avr/4.3.2/avr4\libgcc.a(_divmodsi4.o)
                              TinyHexapod.o (__divmodsi4)
c:/winavr-20090313/bin/../lib/gcc/avr/4.3.2/avr4\libgcc.a(_exit.o)
                              c:/winavr-20090313/bin/../lib/gcc/avr/4.3.2/../../../../avr/lib/avr4/crtm8.o (exit)
c:/winavr-20090313/bin/../lib/gcc/avr/4.3.2/avr4\libgcc.a(_copy_data.o)
                              TinyHexapod.o (__do_copy_data)
c:/winavr-20090313/bin/../lib/gcc/avr/4.3.2/avr4\libgcc.a(_clear_bss.o)
                              TinyHexapod.o (__do_clear_bss)
c:/winavr-20090313/bin/../lib/gcc/avr/4.3.2/avr4\libgcc.a(_udivmodhi4.o)
                              c:/winavr-20090313/bin/../lib/gcc/avr/4.3.2/avr4\libgcc.a(_divmodhi4.o) (__udivmodhi4)
c:/winavr-20090313/bin/../lib/gcc/avr/4.3.2/avr4\libgcc.a(_udivmodsi4.o)
                              c:/winavr-20090313/bin/../lib/gcc/avr/4.3.2/avr4\libgcc.a(_divmodsi4.o) (__udivmodsi4)

Allocating common symbols
Common symbol       size              file

stack               0x14              TinyHexapod.o

Memory Configuration

Name             Origin             Length             Attributes
text             0x00000000         0x00002000         xr
data             0x00800060         0x0000ffa0         rw !x
eeprom           0x00810000         0x00010000         rw !x
fuse             0x00820000         0x00000400         rw !x
lock             0x00830000         0x00000400         rw !x
signature        0x00840000         0x00000400         rw !x
*default*        0x00000000         0xffffffff

Linker script and memory map

LOAD c:/winavr-20090313/bin/../lib/gcc/avr/4.3.2/../../../../avr/lib/avr4/crtm8.o
LOAD TinyHexapod.o
LOAD c:/winavr-20090313/bin/../lib/gcc/avr/4.3.2/avr4\libgcc.a
LOAD c:/winavr-20090313/bin/../lib/gcc/avr/4.3.2/../../../../avr/lib/avr4\libc.a
LOAD c:/winavr-20090313/bin/../lib/gcc/avr/4.3.2/avr4\libgcc.a

.hash
 *(.hash)

.dynsym
 *(.dynsym)

.dynstr
 *(.dynstr)

.gnu.version
 *(.gnu.version)

.gnu.version_d
 *(.gnu.version_d)

.gnu.version_r
 *(.gnu.version_r)

.rel.init
 *(.rel.init)

.rela.init
 *(.rela.init)

.rel.text
 *(.rel.text)
 *(.rel.text.*)
 *(.rel.gnu.linkonce.t*)

.rela.text
 *(.rela.text)
 *(.rela.text.*)
 *(.rela.gnu.linkonce.t*)

.rel.fini
 *(.rel.fini)

.rela.fini
 *(.rela.fini)

.rel.rodata
 *(.rel.rodata)
 *(.rel.rodata.*)
 *(.rel.gnu.linkonce.r*)

.rela.rodata
 *(.rela.rodata)
 *(.rela.rodata.*)
 *(.rela.gnu.linkonce.r*)

.rel.data
 *(.rel.data)
 *(.rel.data.*)
 *(.rel.gnu.linkonce.d*)

.rela.data
 *(.rela.data)
 *(.rela.data.*)
 *(.rela.gnu.linkonce.d*)

.rel.ctors
 *(.rel.ctors)

.rela.ctors
 *(.rela.ctors)

.rel.dtors
 *(.rel.dtors)

.rela.dtors
 *(.rela.dtors)

.rel.got
 *(.rel.got)

.rela.got
 *(.rela.got)

.rel.bss
 *(.rel.bss)

.rela.bss
 *(.rela.bss)

.rel.plt
 *(.rel.plt)

.rela.plt
 *(.rela.plt)

.text           0x00000000      0x652
 *(.vectors)
 .vectors       0x00000000       0x26 c:/winavr-20090313/bin/../lib/gcc/avr/4.3.2/../../../../avr/lib/avr4/crtm8.o
                0x00000000                __vectors
                0x00000000                __vector_default
 *(.vectors)
 *(.progmem.gcc*)
 *(.progmem*)
                0x00000026                . = ALIGN (0x2)
                0x00000026                __trampolines_start = .
 *(.trampolines)
 .trampolines   0x00000026        0x0 linker stubs
 *(.trampolines*)
                0x00000026                __trampolines_end = .
 *(.jumptables)
 *(.jumptables*)
 *(.lowtext)
 *(.lowtext*)
                0x00000026                __ctors_start = .
 *(.ctors)
                0x00000026                __ctors_end = .
                0x00000026                __dtors_start = .
 *(.dtors)
                0x00000026                __dtors_end = .
 SORT(*)(.ctors)
 SORT(*)(.dtors)
 *(.init0)
 .init0         0x00000026        0x0 c:/winavr-20090313/bin/../lib/gcc/avr/4.3.2/../../../../avr/lib/avr4/crtm8.o
                0x00000026                __init
 *(.init0)
 *(.init1)
 *(.init1)
 *(.init2)
 .init2         0x00000026        0xc c:/winavr-20090313/bin/../lib/gcc/avr/4.3.2/../../../../avr/lib/avr4/crtm8.o
 *(.init2)
 *(.init3)
 *(.init3)
 *(.init4)
 .init4         0x00000032       0x16 c:/winavr-20090313/bin/../lib/gcc/avr/4.3.2/avr4\libgcc.a(_copy_data.o)
                0x00000032                __do_copy_data
 .init4         0x00000048       0x10 c:/winavr-20090313/bin/../lib/gcc/avr/4.3.2/avr4\libgcc.a(_clear_bss.o)
                0x00000048                __do_clear_bss
 *(.init4)
 *(.init5)
 *(.init5)
 *(.init6)
 *(.init6)
 *(.init7)
 *(.init7)
 *(.init8)
 *(.init8)
 *(.init9)
 .init9         0x00000058        0x4 c:/winavr-20090313/bin/../lib/gcc/avr/4.3.2/../../../../avr/lib/avr4/crtm8.o
 *(.init9)
 *(.text)
 .text          0x0000005c        0x2 c:/winavr-20090313/bin/../lib/gcc/avr/4.3.2/../../../../avr/lib/avr4/crtm8.o
                0x0000005c                __vector_1
                0x0000005c                __vector_12
                0x0000005c                __bad_interrupt
                0x0000005c                __vector_6
                0x0000005c                __vector_11
                0x0000005c                __vector_13
                0x0000005c                __vector_17
                0x0000005c                __vector_7
                0x0000005c                __vector_5
                0x0000005c                __vector_4
                0x0000005c                __vector_9
                0x0000005c                __vector_2
                0x0000005c                __vector_15
                0x0000005c                __vector_8
                0x0000005c                __vector_14
                0x0000005c                __vector_10
                0x0000005c                __vector_16
                0x0000005c                __vector_18
 .text          0x0000005e      0x528 TinyHexapod.o
                0x0000027e                motor2
                0x000000d6                lcd_data
                0x0000018e                print
                0x00000230                initSoftPWM
                0x000002ba                StepFront
                0x00000340                StepBack
                0x000003c6                __vector_3
                0x00000088                send_nibble
                0x00000188                lcd_clear
                0x00000582                printnum
                0x0000005e                SIPO_send
                0x00000242                servo_angle
                0x0000050e                lcd_printnum
                0x00000428                lcd_print
                0x000004ae                pop
                0x000000ee                data
                0x000000f2                lcd_init
                0x00000454                main
                0x00000270                motor1
                0x0000028c                motor3
                0x0000029a                ResetLegs
                0x000000be                lcd_cmd
                0x000001e6                printstack
                0x000004e2                push
                0x000000d2                cmd
 .text          0x00000586        0x0 c:/winavr-20090313/bin/../lib/gcc/avr/4.3.2/avr4\libgcc.a(_divmodhi4.o)
 .text          0x00000586        0x0 c:/winavr-20090313/bin/../lib/gcc/avr/4.3.2/avr4\libgcc.a(_divmodsi4.o)
 .text          0x00000586        0x0 c:/winavr-20090313/bin/../lib/gcc/avr/4.3.2/avr4\libgcc.a(_exit.o)
 .text          0x00000586        0x0 c:/winavr-20090313/bin/../lib/gcc/avr/4.3.2/avr4\libgcc.a(_copy_data.o)
 .text          0x00000586        0x0 c:/winavr-20090313/bin/../lib/gcc/avr/4.3.2/avr4\libgcc.a(_clear_bss.o)
 .text          0x00000586        0x0 c:/winavr-20090313/bin/../lib/gcc/avr/4.3.2/avr4\libgcc.a(_udivmodhi4.o)
 .text          0x00000586        0x0 c:/winavr-20090313/bin/../lib/gcc/avr/4.3.2/avr4\libgcc.a(_udivmodsi4.o)
                0x00000586                . = ALIGN (0x2)
 *(.text.*)
 .text.libgcc   0x00000586       0x26 c:/winavr-20090313/bin/../lib/gcc/avr/4.3.2/avr4\libgcc.a(_divmodhi4.o)
                0x00000586                __divmodhi4
                0x00000586                _div
 .text.libgcc   0x000005ac       0x36 c:/winavr-20090313/bin/../lib/gcc/avr/4.3.2/avr4\libgcc.a(_divmodsi4.o)
                0x000005ac                __divmodsi4
 .text.libgcc   0x000005e2        0x0 c:/winavr-20090313/bin/../lib/gcc/avr/4.3.2/avr4\libgcc.a(_exit.o)
 .text.libgcc   0x000005e2        0x0 c:/winavr-20090313/bin/../lib/gcc/avr/4.3.2/avr4\libgcc.a(_copy_data.o)
 .text.libgcc   0x000005e2        0x0 c:/winavr-20090313/bin/../lib/gcc/avr/4.3.2/avr4\libgcc.a(_clear_bss.o)
 .text.libgcc   0x000005e2       0x28 c:/winavr-20090313/bin/../lib/gcc/avr/4.3.2/avr4\libgcc.a(_udivmodhi4.o)
                0x000005e2                __udivmodhi4
 .text.libgcc   0x0000060a       0x44 c:/winavr-20090313/bin/../lib/gcc/avr/4.3.2/avr4\libgcc.a(_udivmodsi4.o)
                0x0000060a                __udivmodsi4
                0x0000064e                . = ALIGN (0x2)
 *(.fini9)
 .fini9         0x0000064e        0x0 c:/winavr-20090313/bin/../lib/gcc/avr/4.3.2/avr4\libgcc.a(_exit.o)
                0x0000064e                exit
                0x0000064e                _exit
 *(.fini9)
 *(.fini8)
 *(.fini8)
 *(.fini7)
 *(.fini7)
 *(.fini6)
 *(.fini6)
 *(.fini5)
 *(.fini5)
 *(.fini4)
 *(.fini4)
 *(.fini3)
 *(.fini3)
 *(.fini2)
 *(.fini2)
 *(.fini1)
 *(.fini1)
 *(.fini0)
 .fini0         0x0000064e        0x4 c:/winavr-20090313/bin/../lib/gcc/avr/4.3.2/avr4\libgcc.a(_exit.o)
 *(.fini0)
                0x00000652                _etext = .

.data           0x00800060       0x34 load address 0x00000652
                0x00800060                PROVIDE (__data_start, .)
 *(.data)
 .data          0x00800060        0x0 c:/winavr-20090313/bin/../lib/gcc/avr/4.3.2/../../../../avr/lib/avr4/crtm8.o
 .data          0x00800060       0x33 TinyHexapod.o
                0x00800091                top
 .data          0x00800093        0x0 c:/winavr-20090313/bin/../lib/gcc/avr/4.3.2/avr4\libgcc.a(_divmodhi4.o)
 .data          0x00800093        0x0 c:/winavr-20090313/bin/../lib/gcc/avr/4.3.2/avr4\libgcc.a(_divmodsi4.o)
 .data          0x00800093        0x0 c:/winavr-20090313/bin/../lib/gcc/avr/4.3.2/avr4\libgcc.a(_exit.o)
 .data          0x00800093        0x0 c:/winavr-20090313/bin/../lib/gcc/avr/4.3.2/avr4\libgcc.a(_copy_data.o)
 .data          0x00800093        0x0 c:/winavr-20090313/bin/../lib/gcc/avr/4.3.2/avr4\libgcc.a(_clear_bss.o)
 .data          0x00800093        0x0 c:/winavr-20090313/bin/../lib/gcc/avr/4.3.2/avr4\libgcc.a(_udivmodhi4.o)
 .data          0x00800093        0x0 c:/winavr-20090313/bin/../lib/gcc/avr/4.3.2/avr4\libgcc.a(_udivmodsi4.o)
 *(.data*)
 *(.rodata)
 *(.rodata*)
 *(.gnu.linkonce.d*)
                0x00800094                . = ALIGN (0x2)
 *fill*         0x00800093        0x1 00
                0x00800094                _edata = .
                0x00800094                PROVIDE (__data_end, .)

.bss            0x00800094       0x18
                0x00800094                PROVIDE (__bss_start, .)
 *(.bss)
 .bss           0x00800094        0x0 c:/winavr-20090313/bin/../lib/gcc/avr/4.3.2/../../../../avr/lib/avr4/crtm8.o
 .bss           0x00800094        0x4 TinyHexapod.o
                0x00800096                motor2_duty
                0x00800097                motor3_duty
                0x00800094                count
                0x00800095                motor1_duty
 .bss           0x00800098        0x0 c:/winavr-20090313/bin/../lib/gcc/avr/4.3.2/avr4\libgcc.a(_divmodhi4.o)
 .bss           0x00800098        0x0 c:/winavr-20090313/bin/../lib/gcc/avr/4.3.2/avr4\libgcc.a(_divmodsi4.o)
 .bss           0x00800098        0x0 c:/winavr-20090313/bin/../lib/gcc/avr/4.3.2/avr4\libgcc.a(_exit.o)
 .bss           0x00800098        0x0 c:/winavr-20090313/bin/../lib/gcc/avr/4.3.2/avr4\libgcc.a(_copy_data.o)
 .bss           0x00800098        0x0 c:/winavr-20090313/bin/../lib/gcc/avr/4.3.2/avr4\libgcc.a(_clear_bss.o)
 .bss           0x00800098        0x0 c:/winavr-20090313/bin/../lib/gcc/avr/4.3.2/avr4\libgcc.a(_udivmodhi4.o)
 .bss           0x00800098        0x0 c:/winavr-20090313/bin/../lib/gcc/avr/4.3.2/avr4\libgcc.a(_udivmodsi4.o)
 *(.bss*)
 *(COMMON)
 COMMON         0x00800098       0x14 TinyHexapod.o
                0x00800098                stack
                0x008000ac                PROVIDE (__bss_end, .)
                0x00000652                __data_load_start = LOADADDR (.data)
                0x00000686                __data_load_end = (__data_load_start + SIZEOF (.data))

.noinit         0x008000ac        0x0
                0x008000ac                PROVIDE (__noinit_start, .)
 *(.noinit*)
                0x008000ac                PROVIDE (__noinit_end, .)
                0x008000ac                _end = .
                0x008000ac                PROVIDE (__heap_start, .)

.eeprom         0x00810000        0x0
 *(.eeprom*)
                0x00810000                __eeprom_end = .

.fuse
 *(.fuse)
 *(.lfuse)
 *(.hfuse)
 *(.efuse)

.lock
 *(.lock*)

.signature
 *(.signature*)

.stab
 *(.stab)

.stabstr
 *(.stabstr)

.stab.excl
 *(.stab.excl)

.stab.exclstr
 *(.stab.exclstr)

.stab.index
 *(.stab.index)

.stab.indexstr
 *(.stab.indexstr)

.comment
 *(.comment)

.debug
 *(.debug)

.line
 *(.line)

.debug_srcinfo
 *(.debug_srcinfo)

.debug_sfnames
 *(.debug_sfnames)

.debug_aranges  0x00000000       0x20
 *(.debug_aranges)
 .debug_aranges
                0x00000000       0x20 TinyHexapod.o

.debug_pubnames
                0x00000000      0x199
 *(.debug_pubnames)
 .debug_pubnames
                0x00000000      0x199 TinyHexapod.o

.debug_info     0x00000000      0xf1c
 *(.debug_info)
 .debug_info    0x00000000      0xf1c TinyHexapod.o
 *(.gnu.linkonce.wi.*)

.debug_abbrev   0x00000000      0x348
 *(.debug_abbrev)
 .debug_abbrev  0x00000000      0x348 TinyHexapod.o

.debug_line     0x00000000      0x955
 *(.debug_line)
 .debug_line    0x00000000      0x955 TinyHexapod.o

.debug_frame    0x00000000      0x1a0
 *(.debug_frame)
 .debug_frame   0x00000000      0x1a0 TinyHexapod.o

.debug_str      0x00000000      0x213
 *(.debug_str)
 .debug_str     0x00000000      0x213 TinyHexapod.o
                                0x286 (size before relaxing)

.debug_loc      0x00000000      0x5c6
 *(.debug_loc)
 .debug_loc     0x00000000      0x5c6 TinyHexapod.o

.debug_macinfo
 *(.debug_macinfo)
OUTPUT(TinyHexapod.elf elf32-avr)
LOAD linker stubs

.debug_ranges   0x00000000       0x48
 .debug_ranges  0x00000000       0x48 TinyHexapod.o
